Command line invocation:
    /Applications/Xcode.app/Contents/Developer/usr/bin/xcodebuild -project PlumWallPaper.xcodeproj -scheme PlumWallPaper -configuration Debug -derivedDataPath Build/DerivedData

2026-05-02 03:00:09.307 xcodebuild[38910:9841157] [MT] IDERunDestination: Supported platforms for the buildables in the current scheme is empty.
--- xcodebuild: WARNING: Using the first of multiple matching destinations:
{ platform:macOS, arch:arm64, id:00006001-001831CC1109801E, name:My Mac }
{ platform:macOS, arch:x86_64, id:00006001-001831CC1109801E, name:My Mac }
{ platform:macOS, name:Any Mac }
ComputePackagePrebuildTargetDependencyGraph

Prepare packages

CreateBuildRequest

SendProjectDescription

CreateBuildOperation

ComputeTargetDependencyGraph
note: Building targets in dependency order
note: Target dependency graph (1 target)
    Target 'PlumWallPaper' in project 'PlumWallPaper' (no dependencies)

GatherProvisioningInputs

CreateBuildDescription

ClangStatCache /Applications/Xcode.app/Contents/Developer/Toolchains/XcodeDefault.xctoolchain/usr/bin/clang-stat-cache /Applications/Xcode.app/Contents/Developer/Platforms/MacOSX.platform/Developer/SDKs/MacOSX26.4.sdk /Users/Alex/AI/project/PlumWallPaper/Build/DerivedData/SDKStatCaches.noindex/macosx26.4-25E251-30f9ca8789b706f8bd3fc906a70d770f.sdkstatcache
    cd /Users/Alex/AI/project/PlumWallPaper/PlumWallPaper.xcodeproj
    /Applications/Xcode.app/Contents/Developer/Toolchains/XcodeDefault.xctoolchain/usr/bin/clang-stat-cache /Applications/Xcode.app/Contents/Developer/Platforms/MacOSX.platform/Developer/SDKs/MacOSX26.4.sdk -o /Users/Alex/AI/project/PlumWallPaper/Build/DerivedData/SDKStatCaches.noindex/macosx26.4-25E251-30f9ca8789b706f8bd3fc906a70d770f.sdkstatcache

SwiftDriver PlumWallPaper normal arm64 com.apple.xcode.tools.swift.compiler (in target 'PlumWallPaper' from project 'PlumWallPaper')
    cd /Users/Alex/AI/project/PlumWallPaper
    builtin-SwiftDriver -- /Applications/Xcode.app/Contents/Developer/Toolchains/XcodeDefault.xctoolchain/usr/bin/swiftc -module-name PlumWallPaper -Onone @/Users/Alex/AI/project/PlumWallPaper/Build/DerivedData/Build/Intermediates.noindex/PlumWallPaper.build/Debug/PlumWallPaper.build/Objects-normal/arm64/PlumWallPaper.SwiftFileList -DDEBUG -enable-bare-slash-regex -enable-experimental-feature DebugDescriptionMacro -sdk /Applications/Xcode.app/Contents/Developer/Platforms/MacOSX.platform/Developer/SDKs/MacOSX26.4.sdk -target arm64-apple-macos14.0 -g -module-cache-path /Users/Alex/AI/project/PlumWallPaper/Build/DerivedData/ModuleCache.noindex -Xfrontend -serialize-debugging-options -enable-testing -index-store-path /Users/Alex/AI/project/PlumWallPaper/Build/DerivedData/Index.noindex/DataStore -Xcc -D_LIBCPP_HARDENING_MODE\=_LIBCPP_HARDENING_MODE_DEBUG -swift-version 5 -I /Users/Alex/AI/project/PlumWallPaper/Build/DerivedData/Build/Products/Debug -F /Users/Alex/AI/project/PlumWallPaper/Build/DerivedData/Build/Products/Debug -c -j10 -enable-batch-mode -incremental -Xcc -ivfsstatcache -Xcc /Users/Alex/AI/project/PlumWallPaper/Build/DerivedData/SDKStatCaches.noindex/macosx26.4-25E251-30f9ca8789b706f8bd3fc906a70d770f.sdkstatcache -output-file-map /Users/Alex/AI/project/PlumWallPaper/Build/DerivedData/Build/Intermediates.noindex/PlumWallPaper.build/Debug/PlumWallPaper.build/Objects-normal/arm64/PlumWallPaper-OutputFileMap.json -use-frontend-parseable-output -save-temps -no-color-diagnostics -explicit-module-build -module-cache-path /Users/Alex/AI/project/PlumWallPaper/Build/DerivedData/Build/Intermediates.noindex/SwiftExplicitPrecompiledModules -clang-scanner-module-cache-path /Users/Alex/AI/project/PlumWallPaper/Build/DerivedData/ModuleCache.noindex -sdk-module-cache-path /Users/Alex/AI/project/PlumWallPaper/Build/DerivedData/ModuleCache.noindex -serialize-diagnostics -emit-dependencies -emit-module -emit-module-path /Users/Alex/AI/project/PlumWallPaper/Build/DerivedData/Build/Intermediates.noindex/PlumWallPaper.build/Debug/PlumWallPaper.build/Objects-normal/arm64/PlumWallPaper.swiftmodule -validate-clang-modules-once -clang-build-session-file /Users/Alex/AI/project/PlumWallPaper/Build/DerivedData/ModuleCache.noindex/Session.modulevalidation -Xcc -I/Users/Alex/AI/project/PlumWallPaper/Build/DerivedData/Build/Intermediates.noindex/PlumWallPaper.build/Debug/PlumWallPaper.build/swift-overrides.hmap -emit-const-values -Xfrontend -const-gather-protocols-file -Xfrontend /Users/Alex/AI/project/PlumWallPaper/Build/DerivedData/Build/Intermediates.noindex/PlumWallPaper.build/Debug/PlumWallPaper.build/Objects-normal/arm64/PlumWallPaper_const_extract_protocols.json -Xcc -iquote -Xcc /Users/Alex/AI/project/PlumWallPaper/Build/DerivedData/Build/Intermediates.noindex/PlumWallPaper.build/Debug/PlumWallPaper.build/PlumWallPaper-generated-files.hmap -Xcc -I/Users/Alex/AI/project/PlumWallPaper/Build/DerivedData/Build/Intermediates.noindex/PlumWallPaper.build/Debug/PlumWallPaper.build/PlumWallPaper-own-target-headers.hmap -Xcc -I/Users/Alex/AI/project/PlumWallPaper/Build/DerivedData/Build/Intermediates.noindex/PlumWallPaper.build/Debug/PlumWallPaper.build/PlumWallPaper-all-target-headers.hmap -Xcc -iquote -Xcc /Users/Alex/AI/project/PlumWallPaper/Build/DerivedData/Build/Intermediates.noindex/PlumWallPaper.build/Debug/PlumWallPaper.build/PlumWallPaper-project-headers.hmap -Xcc -I/Users/Alex/AI/project/PlumWallPaper/Build/DerivedData/Build/Products/Debug/include -Xcc -I/Users/Alex/AI/project/PlumWallPaper/Build/DerivedData/Build/Intermediates.noindex/PlumWallPaper.build/Debug/PlumWallPaper.build/DerivedSources-normal/arm64 -Xcc -I/Users/Alex/AI/project/PlumWallPaper/Build/DerivedData/Build/Intermediates.noindex/PlumWallPaper.build/Debug/PlumWallPaper.build/DerivedSources/arm64 -Xcc -I/Users/Alex/AI/project/PlumWallPaper/Build/DerivedData/Build/Intermediates.noindex/PlumWallPaper.build/Debug/PlumWallPaper.build/DerivedSources -Xcc -DDEBUG\=1 -emit-objc-header -emit-objc-header-path /Users/Alex/AI/project/PlumWallPaper/Build/DerivedData/Build/Intermediates.noindex/PlumWallPaper.build/Debug/PlumWallPaper.build/Objects-normal/arm64/PlumWallPaper-Swift.h -working-directory /Users/Alex/AI/project/PlumWallPaper -experimental-emit-module-separately -disable-cmo

SwiftEmitModule normal arm64 Emitting\ module\ for\ PlumWallPaper (in target 'PlumWallPaper' from project 'PlumWallPaper')

EmitSwiftModule normal arm64 (in target 'PlumWallPaper' from project 'PlumWallPaper')
    cd /Users/Alex/AI/project/PlumWallPaper
    

SwiftCompile normal arm64 Compiling\ WallpaperDetailView.swift /Users/Alex/AI/project/PlumWallPaper/Sources/Views/Detail/WallpaperDetailView.swift (in target 'PlumWallPaper' from project 'PlumWallPaper')
SwiftCompile normal arm64 /Users/Alex/AI/project/PlumWallPaper/Sources/Views/Detail/WallpaperDetailView.swift (in target 'PlumWallPaper' from project 'PlumWallPaper')
    cd /Users/Alex/AI/project/PlumWallPaper
    

SwiftCompile normal arm64 Compiling\ HomeView+Logic.swift /Users/Alex/AI/project/PlumWallPaper/Sources/Views/Home/HomeView+Logic.swift (in target 'PlumWallPaper' from project 'PlumWallPaper')

SwiftCompile normal arm64 /Users/Alex/AI/project/PlumWallPaper/Sources/Views/Home/HomeView+Logic.swift (in target 'PlumWallPaper' from project 'PlumWallPaper')
    cd /Users/Alex/AI/project/PlumWallPaper
    

SwiftCompile normal arm64 Compiling\ PlumWallPaperApp.swift /Users/Alex/AI/project/PlumWallPaper/Sources/App/PlumWallPaperApp.swift (in target 'PlumWallPaper' from project 'PlumWallPaper')

SwiftCompile normal arm64 /Users/Alex/AI/project/PlumWallPaper/Sources/App/PlumWallPaperApp.swift (in target 'PlumWallPaper' from project 'PlumWallPaper')
    cd /Users/Alex/AI/project/PlumWallPaper
    

SwiftCompile normal arm64 Compiling\ HomeView.swift /Users/Alex/AI/project/PlumWallPaper/Sources/Views/Home/HomeView.swift (in target 'PlumWallPaper' from project 'PlumWallPaper')

SwiftCompile normal arm64 /Users/Alex/AI/project/PlumWallPaper/Sources/Views/Home/HomeView.swift (in target 'PlumWallPaper' from project 'PlumWallPaper')
    cd /Users/Alex/AI/project/PlumWallPaper
    

SwiftDriverJobDiscovery normal arm64 Compiling HomeView+Logic.swift (in target 'PlumWallPaper' from project 'PlumWallPaper')

SwiftDriverJobDiscovery normal arm64 Compiling PlumWallPaperApp.swift (in target 'PlumWallPaper' from project 'PlumWallPaper')

SwiftDriverJobDiscovery normal arm64 Compiling HomeView.swift (in target 'PlumWallPaper' from project 'PlumWallPaper')

SwiftDriverJobDiscovery normal arm64 Compiling WallpaperDetailView.swift (in target 'PlumWallPaper' from project 'PlumWallPaper')

SwiftCompile normal arm64 Compiling\ MediaExploreView.swift /Users/Alex/AI/project/PlumWallPaper/Sources/Views/Explore/MediaExploreView.swift (in target 'PlumWallPaper' from project 'PlumWallPaper')

SwiftCompile normal arm64 /Users/Alex/AI/project/PlumWallPaper/Sources/Views/Explore/MediaExploreView.swift (in target 'PlumWallPaper' from project 'PlumWallPaper')
    cd /Users/Alex/AI/project/PlumWallPaper
    

SwiftCompile normal arm64 Compiling\ WallpaperDetailView+Logic.swift /Users/Alex/AI/project/PlumWallPaper/Sources/Views/Detail/WallpaperDetailView+Logic.swift (in target 'PlumWallPaper' from project 'PlumWallPaper')

SwiftCompile normal arm64 /Users/Alex/AI/project/PlumWallPaper/Sources/Views/Detail/WallpaperDetailView+Logic.swift (in target 'PlumWallPaper' from project 'PlumWallPaper')
    cd /Users/Alex/AI/project/PlumWallPaper
    

SwiftCompile normal arm64 Compiling\ MyLibraryView.swift /Users/Alex/AI/project/PlumWallPaper/Sources/Views/Library/MyLibraryView.swift (in target 'PlumWallPaper' from project 'PlumWallPaper')
SwiftCompile normal arm64 /Users/Alex/AI/project/PlumWallPaper/Sources/Views/Library/MyLibraryView.swift (in target 'PlumWallPaper' from project 'PlumWallPaper')
    cd /Users/Alex/AI/project/PlumWallPaper
    

SwiftCompile normal arm64 Compiling\ WallpaperExploreView.swift /Users/Alex/AI/project/PlumWallPaper/Sources/Views/Explore/WallpaperExploreView.swift (in target 'PlumWallPaper' from project 'PlumWallPaper')

SwiftCompile normal arm64 /Users/Alex/AI/project/PlumWallPaper/Sources/Views/Explore/WallpaperExploreView.swift (in target 'PlumWallPaper' from project 'PlumWallPaper')
    cd /Users/Alex/AI/project/PlumWallPaper
    

SwiftDriverJobDiscovery normal arm64 Compiling WallpaperDetailView+Logic.swift (in target 'PlumWallPaper' from project 'PlumWallPaper')

SwiftDriverJobDiscovery normal arm64 Compiling MediaExploreView.swift (in target 'PlumWallPaper' from project 'PlumWallPaper')

SwiftDriverJobDiscovery normal arm64 Compiling WallpaperExploreView.swift (in target 'PlumWallPaper' from project 'PlumWallPaper')

SwiftDriverJobDiscovery normal arm64 Compiling MyLibraryView.swift (in target 'PlumWallPaper' from project 'PlumWallPaper')

SwiftDriver\ Compilation PlumWallPaper normal arm64 com.apple.xcode.tools.swift.compiler (in target 'PlumWallPaper' from project 'PlumWallPaper')
    cd /Users/Alex/AI/project/PlumWallPaper
    builtin-Swift-Compilation -- /Applications/Xcode.app/Contents/Developer/Toolchains/XcodeDefault.xctoolchain/usr/bin/swiftc -module-name PlumWallPaper -Onone @/Users/Alex/AI/project/PlumWallPaper/Build/DerivedData/Build/Intermediates.noindex/PlumWallPaper.build/Debug/PlumWallPaper.build/Objects-normal/arm64/PlumWallPaper.SwiftFileList -DDEBUG -enable-bare-slash-regex -enable-experimental-feature DebugDescriptionMacro -sdk /Applications/Xcode.app/Contents/Developer/Platforms/MacOSX.platform/Developer/SDKs/MacOSX26.4.sdk -target arm64-apple-macos14.0 -g -module-cache-path /Users/Alex/AI/project/PlumWallPaper/Build/DerivedData/ModuleCache.noindex -Xfrontend -serialize-debugging-options -enable-testing -index-store-path /Users/Alex/AI/project/PlumWallPaper/Build/DerivedData/Index.noindex/DataStore -Xcc -D_LIBCPP_HARDENING_MODE\=_LIBCPP_HARDENING_MODE_DEBUG -swift-version 5 -I /Users/Alex/AI/project/PlumWallPaper/Build/DerivedData/Build/Products/Debug -F /Users/Alex/AI/project/PlumWallPaper/Build/DerivedData/Build/Products/Debug -c -j10 -enable-batch-mode -incremental -Xcc -ivfsstatcache -Xcc /Users/Alex/AI/project/PlumWallPaper/Build/DerivedData/SDKStatCaches.noindex/macosx26.4-25E251-30f9ca8789b706f8bd3fc906a70d770f.sdkstatcache -output-file-map /Users/Alex/AI/project/PlumWallPaper/Build/DerivedData/Build/Intermediates.noindex/PlumWallPaper.build/Debug/PlumWallPaper.build/Objects-normal/arm64/PlumWallPaper-OutputFileMap.json -use-frontend-parseable-output -save-temps -no-color-diagnostics -explicit-module-build -module-cache-path /Users/Alex/AI/project/PlumWallPaper/Build/DerivedData/Build/Intermediates.noindex/SwiftExplicitPrecompiledModules -clang-scanner-module-cache-path /Users/Alex/AI/project/PlumWallPaper/Build/DerivedData/ModuleCache.noindex -sdk-module-cache-path /Users/Alex/AI/project/PlumWallPaper/Build/DerivedData/ModuleCache.noindex -serialize-diagnostics -emit-dependencies -emit-module -emit-module-path /Users/Alex/AI/project/PlumWallPaper/Build/DerivedData/Build/Intermediates.noindex/PlumWallPaper.build/Debug/PlumWallPaper.build/Objects-normal/arm64/PlumWallPaper.swiftmodule -validate-clang-modules-once -clang-build-session-file /Users/Alex/AI/project/PlumWallPaper/Build/DerivedData/ModuleCache.noindex/Session.modulevalidation -Xcc -I/Users/Alex/AI/project/PlumWallPaper/Build/DerivedData/Build/Intermediates.noindex/PlumWallPaper.build/Debug/PlumWallPaper.build/swift-overrides.hmap -emit-const-values -Xfrontend -const-gather-protocols-file -Xfrontend /Users/Alex/AI/project/PlumWallPaper/Build/DerivedData/Build/Intermediates.noindex/PlumWallPaper.build/Debug/PlumWallPaper.build/Objects-normal/arm64/PlumWallPaper_const_extract_protocols.json -Xcc -iquote -Xcc /Users/Alex/AI/project/PlumWallPaper/Build/DerivedData/Build/Intermediates.noindex/PlumWallPaper.build/Debug/PlumWallPaper.build/PlumWallPaper-generated-files.hmap -Xcc -I/Users/Alex/AI/project/PlumWallPaper/Build/DerivedData/Build/Intermediates.noindex/PlumWallPaper.build/Debug/PlumWallPaper.build/PlumWallPaper-own-target-headers.hmap -Xcc -I/Users/Alex/AI/project/PlumWallPaper/Build/DerivedData/Build/Intermediates.noindex/PlumWallPaper.build/Debug/PlumWallPaper.build/PlumWallPaper-all-target-headers.hmap -Xcc -iquote -Xcc /Users/Alex/AI/project/PlumWallPaper/Build/DerivedData/Build/Intermediates.noindex/PlumWallPaper.build/Debug/PlumWallPaper.build/PlumWallPaper-project-headers.hmap -Xcc -I/Users/Alex/AI/project/PlumWallPaper/Build/DerivedData/Build/Products/Debug/include -Xcc -I/Users/Alex/AI/project/PlumWallPaper/Build/DerivedData/Build/Intermediates.noindex/PlumWallPaper.build/Debug/PlumWallPaper.build/DerivedSources-normal/arm64 -Xcc -I/Users/Alex/AI/project/PlumWallPaper/Build/DerivedData/Build/Intermediates.noindex/PlumWallPaper.build/Debug/PlumWallPaper.build/DerivedSources/arm64 -Xcc -I/Users/Alex/AI/project/PlumWallPaper/Build/DerivedData/Build/Intermediates.noindex/PlumWallPaper.build/Debug/PlumWallPaper.build/DerivedSources -Xcc -DDEBUG\=1 -emit-objc-header -emit-objc-header-path /Users/Alex/AI/project/PlumWallPaper/Build/DerivedData/Build/Intermediates.noindex/PlumWallPaper.build/Debug/PlumWallPaper.build/Objects-normal/arm64/PlumWallPaper-Swift.h -working-directory /Users/Alex/AI/project/PlumWallPaper -experimental-emit-module-separately -disable-cmo

SwiftDriverJobDiscovery normal arm64 Emitting module for PlumWallPaper (in target 'PlumWallPaper' from project 'PlumWallPaper')

SwiftDriver\ Compilation\ Requirements PlumWallPaper normal arm64 com.apple.xcode.tools.swift.compiler (in target 'PlumWallPaper' from project 'PlumWallPaper')
    cd /Users/Alex/AI/project/PlumWallPaper
    builtin-Swift-Compilation-Requirements -- /Applications/Xcode.app/Contents/Developer/Toolchains/XcodeDefault.xctoolchain/usr/bin/swiftc -module-name PlumWallPaper -Onone @/Users/Alex/AI/project/PlumWallPaper/Build/DerivedData/Build/Intermediates.noindex/PlumWallPaper.build/Debug/PlumWallPaper.build/Objects-normal/arm64/PlumWallPaper.SwiftFileList -DDEBUG -enable-bare-slash-regex -enable-experimental-feature DebugDescriptionMacro -sdk /Applications/Xcode.app/Contents/Developer/Platforms/MacOSX.platform/Developer/SDKs/MacOSX26.4.sdk -target arm64-apple-macos14.0 -g -module-cache-path /Users/Alex/AI/project/PlumWallPaper/Build/DerivedData/ModuleCache.noindex -Xfrontend -serialize-debugging-options -enable-testing -index-store-path /Users/Alex/AI/project/PlumWallPaper/Build/DerivedData/Index.noindex/DataStore -Xcc -D_LIBCPP_HARDENING_MODE\=_LIBCPP_HARDENING_MODE_DEBUG -swift-version 5 -I /Users/Alex/AI/project/PlumWallPaper/Build/DerivedData/Build/Products/Debug -F /Users/Alex/AI/project/PlumWallPaper/Build/DerivedData/Build/Products/Debug -c -j10 -enable-batch-mode -incremental -Xcc -ivfsstatcache -Xcc /Users/Alex/AI/project/PlumWallPaper/Build/DerivedData/SDKStatCaches.noindex/macosx26.4-25E251-30f9ca8789b706f8bd3fc906a70d770f.sdkstatcache -output-file-map /Users/Alex/AI/project/PlumWallPaper/Build/DerivedData/Build/Intermediates.noindex/PlumWallPaper.build/Debug/PlumWallPaper.build/Objects-normal/arm64/PlumWallPaper-OutputFileMap.json -use-frontend-parseable-output -save-temps -no-color-diagnostics -explicit-module-build -module-cache-path /Users/Alex/AI/project/PlumWallPaper/Build/DerivedData/Build/Intermediates.noindex/SwiftExplicitPrecompiledModules -clang-scanner-module-cache-path /Users/Alex/AI/project/PlumWallPaper/Build/DerivedData/ModuleCache.noindex -sdk-module-cache-path /Users/Alex/AI/project/PlumWallPaper/Build/DerivedData/ModuleCache.noindex -serialize-diagnostics -emit-dependencies -emit-module -emit-module-path /Users/Alex/AI/project/PlumWallPaper/Build/DerivedData/Build/Intermediates.noindex/PlumWallPaper.build/Debug/PlumWallPaper.build/Objects-normal/arm64/PlumWallPaper.swiftmodule -validate-clang-modules-once -clang-build-session-file /Users/Alex/AI/project/PlumWallPaper/Build/DerivedData/ModuleCache.noindex/Session.modulevalidation -Xcc -I/Users/Alex/AI/project/PlumWallPaper/Build/DerivedData/Build/Intermediates.noindex/PlumWallPaper.build/Debug/PlumWallPaper.build/swift-overrides.hmap -emit-const-values -Xfrontend -const-gather-protocols-file -Xfrontend /Users/Alex/AI/project/PlumWallPaper/Build/DerivedData/Build/Intermediates.noindex/PlumWallPaper.build/Debug/PlumWallPaper.build/Objects-normal/arm64/PlumWallPaper_const_extract_protocols.json -Xcc -iquote -Xcc /Users/Alex/AI/project/PlumWallPaper/Build/DerivedData/Build/Intermediates.noindex/PlumWallPaper.build/Debug/PlumWallPaper.build/PlumWallPaper-generated-files.hmap -Xcc -I/Users/Alex/AI/project/PlumWallPaper/Build/DerivedData/Build/Intermediates.noindex/PlumWallPaper.build/Debug/PlumWallPaper.build/PlumWallPaper-own-target-headers.hmap -Xcc -I/Users/Alex/AI/project/PlumWallPaper/Build/DerivedData/Build/Intermediates.noindex/PlumWallPaper.build/Debug/PlumWallPaper.build/PlumWallPaper-all-target-headers.hmap -Xcc -iquote -Xcc /Users/Alex/AI/project/PlumWallPaper/Build/DerivedData/Build/Intermediates.noindex/PlumWallPaper.build/Debug/PlumWallPaper.build/PlumWallPaper-project-headers.hmap -Xcc -I/Users/Alex/AI/project/PlumWallPaper/Build/DerivedData/Build/Products/Debug/include -Xcc -I/Users/Alex/AI/project/PlumWallPaper/Build/DerivedData/Build/Intermediates.noindex/PlumWallPaper.build/Debug/PlumWallPaper.build/DerivedSources-normal/arm64 -Xcc -I/Users/Alex/AI/project/PlumWallPaper/Build/DerivedData/Build/Intermediates.noindex/PlumWallPaper.build/Debug/PlumWallPaper.build/DerivedSources/arm64 -Xcc -I/Users/Alex/AI/project/PlumWallPaper/Build/DerivedData/Build/Intermediates.noindex/PlumWallPaper.build/Debug/PlumWallPaper.build/DerivedSources -Xcc -DDEBUG\=1 -emit-objc-header -emit-objc-header-path /Users/Alex/AI/project/PlumWallPaper/Build/DerivedData/Build/Intermediates.noindex/PlumWallPaper.build/Debug/PlumWallPaper.build/Objects-normal/arm64/PlumWallPaper-Swift.h -working-directory /Users/Alex/AI/project/PlumWallPaper -experimental-emit-module-separately -disable-cmo

Copy /Users/Alex/AI/project/PlumWallPaper/Build/DerivedData/Build/Products/Debug/PlumWallPaper.swiftmodule/arm64-apple-macos.swiftmodule /Users/Alex/AI/project/PlumWallPaper/Build/DerivedData/Build/Intermediates.noindex/PlumWallPaper.build/Debug/PlumWallPaper.build/Objects-normal/arm64/PlumWallPaper.swiftmodule (in target 'PlumWallPaper' from project 'PlumWallPaper')
    cd /Users/Alex/AI/project/PlumWallPaper
    builtin-copy -exclude .DS_Store -exclude CVS -exclude .svn -exclude .git -exclude .hg -resolve-src-symlinks -rename /Users/Alex/AI/project/PlumWallPaper/Build/DerivedData/Build/Intermediates.noindex/PlumWallPaper.build/Debug/PlumWallPaper.build/Objects-normal/arm64/PlumWallPaper.swiftmodule /Users/Alex/AI/project/PlumWallPaper/Build/DerivedData/Build/Products/Debug/PlumWallPaper.swiftmodule/arm64-apple-macos.swiftmodule

Copy /Users/Alex/AI/project/PlumWallPaper/Build/DerivedData/Build/Products/Debug/PlumWallPaper.swiftmodule/arm64-apple-macos.abi.json /Users/Alex/AI/project/PlumWallPaper/Build/DerivedData/Build/Intermediates.noindex/PlumWallPaper.build/Debug/PlumWallPaper.build/Objects-normal/arm64/PlumWallPaper.abi.json (in target 'PlumWallPaper' from project 'PlumWallPaper')
    cd /Users/Alex/AI/project/PlumWallPaper
    builtin-copy -exclude .DS_Store -exclude CVS -exclude .svn -exclude .git -exclude .hg -resolve-src-symlinks -rename /Users/Alex/AI/project/PlumWallPaper/Build/DerivedData/Build/Intermediates.noindex/PlumWallPaper.build/Debug/PlumWallPaper.build/Objects-normal/arm64/PlumWallPaper.abi.json /Users/Alex/AI/project/PlumWallPaper/Build/DerivedData/Build/Products/Debug/PlumWallPaper.swiftmodule/arm64-apple-macos.abi.json

Copy /Users/Alex/AI/project/PlumWallPaper/Build/DerivedData/Build/Products/Debug/PlumWallPaper.swiftmodule/Project/arm64-apple-macos.swiftsourceinfo /Users/Alex/AI/project/PlumWallPaper/Build/DerivedData/Build/Intermediates.noindex/PlumWallPaper.build/Debug/PlumWallPaper.build/Objects-normal/arm64/PlumWallPaper.swiftsourceinfo (in target 'PlumWallPaper' from project 'PlumWallPaper')
    cd /Users/Alex/AI/project/PlumWallPaper
    builtin-copy -exclude .DS_Store -exclude CVS -exclude .svn -exclude .git -exclude .hg -resolve-src-symlinks -rename /Users/Alex/AI/project/PlumWallPaper/Build/DerivedData/Build/Intermediates.noindex/PlumWallPaper.build/Debug/PlumWallPaper.build/Objects-normal/arm64/PlumWallPaper.swiftsourceinfo /Users/Alex/AI/project/PlumWallPaper/Build/DerivedData/Build/Products/Debug/PlumWallPaper.swiftmodule/Project/arm64-apple-macos.swiftsourceinfo

Ld /Users/Alex/AI/project/PlumWallPaper/Build/DerivedData/Build/Products/Debug/PlumWallPaper.app/Contents/MacOS/PlumWallPaper.debug.dylib normal (in target 'PlumWallPaper' from project 'PlumWallPaper')
    cd /Users/Alex/AI/project/PlumWallPaper
    /Applications/Xcode.app/Contents/Developer/Toolchains/XcodeDefault.xctoolchain/usr/bin/clang -Xlinker -reproducible -target arm64-apple-macos14.0 -dynamiclib -isysroot /Applications/Xcode.app/Contents/Developer/Platforms/MacOSX.platform/Developer/SDKs/MacOSX26.4.sdk -O0 -L/Users/Alex/AI/project/PlumWallPaper/Build/DerivedData/Build/Intermediates.noindex/EagerLinkingTBDs/Debug -L/Users/Alex/AI/project/PlumWallPaper/Build/DerivedData/Build/Products/Debug -F/Users/Alex/AI/project/PlumWallPaper/Build/DerivedData/Build/Intermediates.noindex/EagerLinkingTBDs/Debug -F/Users/Alex/AI/project/PlumWallPaper/Build/DerivedData/Build/Products/Debug -filelist /Users/Alex/AI/project/PlumWallPaper/Build/DerivedData/Build/Intermediates.noindex/PlumWallPaper.build/Debug/PlumWallPaper.build/Objects-normal/arm64/PlumWallPaper.LinkFileList -install_name @rpath/PlumWallPaper.debug.dylib -Xlinker -rpath -Xlinker /usr/lib/swift -Xlinker -rpath -Xlinker @executable_path/../Frameworks -Xlinker -object_path_lto -Xlinker /Users/Alex/AI/project/PlumWallPaper/Build/DerivedData/Build/Intermediates.noindex/PlumWallPaper.build/Debug/PlumWallPaper.build/Objects-normal/arm64/PlumWallPaper_lto.o -rdynamic -Xlinker -no_deduplicate -Xlinker -dependency_info -Xlinker /Users/Alex/AI/project/PlumWallPaper/Build/DerivedData/Build/Intermediates.noindex/PlumWallPaper.build/Debug/PlumWallPaper.build/Objects-normal/arm64/PlumWallPaper_dependency_info.dat -fobjc-link-runtime -L/Applications/Xcode.app/Contents/Developer/Toolchains/XcodeDefault.xctoolchain/usr/lib/swift/macosx -L/usr/lib/swift -Xlinker -add_ast_path -Xlinker /Users/Alex/AI/project/PlumWallPaper/Build/DerivedData/Build/Intermediates.noindex/PlumWallPaper.build/Debug/PlumWallPaper.build/Objects-normal/arm64/PlumWallPaper.swiftmodule @/Users/Alex/AI/project/PlumWallPaper/Build/DerivedData/Build/Intermediates.noindex/PlumWallPaper.build/Debug/PlumWallPaper.build/Objects-normal/arm64/PlumWallPaper-linker-args.resp -Xlinker -alias -Xlinker _main -Xlinker ___debug_main_executable_dylib_entry_point -Xlinker -no_adhoc_codesign -o /Users/Alex/AI/project/PlumWallPaper/Build/DerivedData/Build/Products/Debug/PlumWallPaper.app/Contents/MacOS/PlumWallPaper.debug.dylib

ConstructStubExecutorLinkFileList /Users/Alex/AI/project/PlumWallPaper/Build/DerivedData/Build/Intermediates.noindex/PlumWallPaper.build/Debug/PlumWallPaper.build/PlumWallPaper-ExecutorLinkFileList-normal-arm64.txt (in target 'PlumWallPaper' from project 'PlumWallPaper')
    cd /Users/Alex/AI/project/PlumWallPaper
    construct-stub-executor-link-file-list /Users/Alex/AI/project/PlumWallPaper/Build/DerivedData/Build/Products/Debug/PlumWallPaper.app/Contents/MacOS/PlumWallPaper.debug.dylib /Applications/Xcode.app/Contents/Developer/Platforms/MacOSX.platform/Developer/usr/lib/libPreviewsJITStubExecutor_no_swift_entry_point.a /Applications/Xcode.app/Contents/Developer/Platforms/MacOSX.platform/Developer/usr/lib/libPreviewsJITStubExecutor.a --output /Users/Alex/AI/project/PlumWallPaper/Build/DerivedData/Build/Intermediates.noindex/PlumWallPaper.build/Debug/PlumWallPaper.build/PlumWallPaper-ExecutorLinkFileList-normal-arm64.txt
note: Using stub executor library with Swift entry point. (in target 'PlumWallPaper' from project 'PlumWallPaper')

Ld /Users/Alex/AI/project/PlumWallPaper/Build/DerivedData/Build/Products/Debug/PlumWallPaper.app/Contents/MacOS/PlumWallPaper normal (in target 'PlumWallPaper' from project 'PlumWallPaper')
    cd /Users/Alex/AI/project/PlumWallPaper
    /Applications/Xcode.app/Contents/Developer/Toolchains/XcodeDefault.xctoolchain/usr/bin/clang -Xlinker -reproducible -target arm64-apple-macos14.0 -isysroot /Applications/Xcode.app/Contents/Developer/Platforms/MacOSX.platform/Developer/SDKs/MacOSX26.4.sdk -O0 -L/Users/Alex/AI/project/PlumWallPaper/Build/DerivedData/Build/Products/Debug -F/Users/Alex/AI/project/PlumWallPaper/Build/DerivedData/Build/Products/Debug -Xlinker -rpath -Xlinker @executable_path -Xlinker -rpath -Xlinker @executable_path/../Frameworks -rdynamic -Xlinker -no_deduplicate -e ___debug_blank_executor_main -Xlinker -sectcreate -Xlinker __TEXT -Xlinker __debug_dylib -Xlinker /Users/Alex/AI/project/PlumWallPaper/Build/DerivedData/Build/Intermediates.noindex/PlumWallPaper.build/Debug/PlumWallPaper.build/PlumWallPaper-DebugDylibPath-normal-arm64.txt -Xlinker -sectcreate -Xlinker __TEXT -Xlinker __debug_instlnm -Xlinker /Users/Alex/AI/project/PlumWallPaper/Build/DerivedData/Build/Intermediates.noindex/PlumWallPaper.build/Debug/PlumWallPaper.build/PlumWallPaper-DebugDylibInstallName-normal-arm64.txt -Xlinker -filelist -Xlinker /Users/Alex/AI/project/PlumWallPaper/Build/DerivedData/Build/Intermediates.noindex/PlumWallPaper.build/Debug/PlumWallPaper.build/PlumWallPaper-ExecutorLinkFileList-normal-arm64.txt /Users/Alex/AI/project/PlumWallPaper/Build/DerivedData/Build/Products/Debug/PlumWallPaper.app/Contents/MacOS/PlumWallPaper.debug.dylib -Xlinker -no_adhoc_codesign -o /Users/Alex/AI/project/PlumWallPaper/Build/DerivedData/Build/Products/Debug/PlumWallPaper.app/Contents/MacOS/PlumWallPaper

ExtractAppIntentsMetadata (in target 'PlumWallPaper' from project 'PlumWallPaper')
    cd /Users/Alex/AI/project/PlumWallPaper
    /Applications/Xcode.app/Contents/Developer/Toolchains/XcodeDefault.xctoolchain/usr/bin/appintentsmetadataprocessor --toolchain-dir /Applications/Xcode.app/Contents/Developer/Toolchains/XcodeDefault.xctoolchain --module-name PlumWallPaper --sdk-root /Applications/Xcode.app/Contents/Developer/Platforms/MacOSX.platform/Developer/SDKs/MacOSX26.4.sdk --xcode-version 17E202 --platform-family macOS --deployment-target 14.0 --bundle-identifier com.plum.wallpaper --output /Users/Alex/AI/project/PlumWallPaper/Build/DerivedData/Build/Products/Debug/PlumWallPaper.app/Contents/Resources --target-triple arm64-apple-macos14.0 --binary-file /Users/Alex/AI/project/PlumWallPaper/Build/DerivedData/Build/Products/Debug/PlumWallPaper.app/Contents/MacOS/PlumWallPaper --dependency-file /Users/Alex/AI/project/PlumWallPaper/Build/DerivedData/Build/Intermediates.noindex/PlumWallPaper.build/Debug/PlumWallPaper.build/Objects-normal/arm64/PlumWallPaper_dependency_info.dat --stringsdata-file /Users/Alex/AI/project/PlumWallPaper/Build/DerivedData/Build/Intermediates.noindex/PlumWallPaper.build/Debug/PlumWallPaper.build/Objects-normal/arm64/ExtractedAppShortcutsMetadata.stringsdata --source-file-list /Users/Alex/AI/project/PlumWallPaper/Build/DerivedData/Build/Intermediates.noindex/PlumWallPaper.build/Debug/PlumWallPaper.build/Objects-normal/arm64/PlumWallPaper.SwiftFileList --metadata-file-list /Users/Alex/AI/project/PlumWallPaper/Build/DerivedData/Build/Intermediates.noindex/PlumWallPaper.build/Debug/PlumWallPaper.build/PlumWallPaper.DependencyMetadataFileList --static-metadata-file-list /Users/Alex/AI/project/PlumWallPaper/Build/DerivedData/Build/Intermediates.noindex/PlumWallPaper.build/Debug/PlumWallPaper.build/PlumWallPaper.DependencyStaticMetadataFileList --swift-const-vals-list /Users/Alex/AI/project/PlumWallPaper/Build/DerivedData/Build/Intermediates.noindex/PlumWallPaper.build/Debug/PlumWallPaper.build/Objects-normal/arm64/PlumWallPaper.SwiftConstValuesFileList --compile-time-extraction --deployment-aware-processing --validate-assistant-intents --no-app-shortcuts-localization
2026-05-02 03:00:12.721 appintentsmetadataprocessor[38946:9841383] Starting appintentsmetadataprocessor export
2026-05-02 03:00:12.723 appintentsmetadataprocessor[38946:9841383] warning: Metadata extraction skipped. No AppIntents.framework dependency found.

CopySwiftLibs /Users/Alex/AI/project/PlumWallPaper/Build/DerivedData/Build/Products/Debug/PlumWallPaper.app (in target 'PlumWallPaper' from project 'PlumWallPaper')
    cd /Users/Alex/AI/project/PlumWallPaper
    builtin-swiftStdLibTool --copy --verbose --sign - --scan-executable /Users/Alex/AI/project/PlumWallPaper/Build/DerivedData/Build/Products/Debug/PlumWallPaper.app/Contents/MacOS/PlumWallPaper.debug.dylib --scan-folder /Users/Alex/AI/project/PlumWallPaper/Build/DerivedData/Build/Products/Debug/PlumWallPaper.app/Contents/Frameworks --scan-folder /Users/Alex/AI/project/PlumWallPaper/Build/DerivedData/Build/Products/Debug/PlumWallPaper.app/Contents/PlugIns --scan-folder /Users/Alex/AI/project/PlumWallPaper/Build/DerivedData/Build/Products/Debug/PlumWallPaper.app/Contents/Library/SystemExtensions --scan-folder /Users/Alex/AI/project/PlumWallPaper/Build/DerivedData/Build/Products/Debug/PlumWallPaper.app/Contents/Extensions --platform macosx --toolchain /Applications/Xcode.app/Contents/Developer/Toolchains/XcodeDefault.xctoolchain --destination /Users/Alex/AI/project/PlumWallPaper/Build/DerivedData/Build/Products/Debug/PlumWallPaper.app/Contents/Frameworks --strip-bitcode --strip-bitcode-tool /Applications/Xcode.app/Contents/Developer/Toolchains/XcodeDefault.xctoolchain/usr/bin/bitcode_strip --emit-dependency-info /Users/Alex/AI/project/PlumWallPaper/Build/DerivedData/Build/Intermediates.noindex/PlumWallPaper.build/Debug/PlumWallPaper.build/SwiftStdLibToolInputDependencies.dep --filter-for-swift-os --back-deploy-swift-span

CodeSign /Users/Alex/AI/project/PlumWallPaper/Build/DerivedData/Build/Products/Debug/PlumWallPaper.app/Contents/MacOS/PlumWallPaper.debug.dylib (in target 'PlumWallPaper' from project 'PlumWallPaper')
    cd /Users/Alex/AI/project/PlumWallPaper
    
    Signing Identity:     "Sign to Run Locally"
    
    /usr/bin/codesign --force --sign - --timestamp\=none --generate-entitlement-der /Users/Alex/AI/project/PlumWallPaper/Build/DerivedData/Build/Products/Debug/PlumWallPaper.app/Contents/MacOS/PlumWallPaper.debug.dylib

CodeSign /Users/Alex/AI/project/PlumWallPaper/Build/DerivedData/Build/Products/Debug/PlumWallPaper.app/Contents/MacOS/__preview.dylib (in target 'PlumWallPaper' from project 'PlumWallPaper')
    cd /Users/Alex/AI/project/PlumWallPaper
    
    Signing Identity:     "Sign to Run Locally"
    
    /usr/bin/codesign --force --sign - --timestamp\=none --generate-entitlement-der /Users/Alex/AI/project/PlumWallPaper/Build/DerivedData/Build/Products/Debug/PlumWallPaper.app/Contents/MacOS/__preview.dylib
/Users/Alex/AI/project/PlumWallPaper/Build/DerivedData/Build/Products/Debug/PlumWallPaper.app/Contents/MacOS/__preview.dylib: replacing existing signature

CodeSign /Users/Alex/AI/project/PlumWallPaper/Build/DerivedData/Build/Products/Debug/PlumWallPaper.app (in target 'PlumWallPaper' from project 'PlumWallPaper')
    cd /Users/Alex/AI/project/PlumWallPaper
    
    Signing Identity:     "Sign to Run Locally"
    
    /usr/bin/codesign --force --sign - --entitlements /Users/Alex/AI/project/PlumWallPaper/Build/DerivedData/Build/Intermediates.noindex/PlumWallPaper.build/Debug/PlumWallPaper.build/PlumWallPaper.app.xcent --timestamp\=none --generate-entitlement-der /Users/Alex/AI/project/PlumWallPaper/Build/DerivedData/Build/Products/Debug/PlumWallPaper.app

Validate /Users/Alex/AI/project/PlumWallPaper/Build/DerivedData/Build/Products/Debug/PlumWallPaper.app (in target 'PlumWallPaper' from project 'PlumWallPaper')
    cd /Users/Alex/AI/project/PlumWallPaper
    builtin-validationUtility /Users/Alex/AI/project/PlumWallPaper/Build/DerivedData/Build/Products/Debug/PlumWallPaper.app -no-validate-extension -infoplist-subpath Contents/Info.plist

RegisterWithLaunchServices /Users/Alex/AI/project/PlumWallPaper/Build/DerivedData/Build/Products/Debug/PlumWallPaper.app (in target 'PlumWallPaper' from project 'PlumWallPaper')
    cd /Users/Alex/AI/project/PlumWallPaper
    /System/Library/Frameworks/CoreServices.framework/Versions/Current/Frameworks/LaunchServices.framework/Versions/Current/Support/lsregister -f -R -trusted /Users/Alex/AI/project/PlumWallPaper/Build/DerivedData/Build/Products/Debug/PlumWallPaper.app

** BUILD SUCCEEDED **

